// Jest Snapshot v1, https://goo.gl/fbAQLP

exports[`Test customRanges SVG 1`] = `"<div style="width: 600px; height: 200px;"><svg preserveAspectRatio="none" viewBox="0 0 600 200"><g><g id="mockID" class="chrt-range chrt-vertical-range" transform="translate(0, 159)"><path d="M220,0L400,0L400,-120L220,-120z" fill="#336699" fill-opacity="0.5"></path><line x1="220" x2="220" y1="0" y2="-120" stroke="#f00" stroke-width="2" stroke-opacity="1" stroke-dasharray="8 8"></line><line x1="400" x2="400" y1="0" y2="-120" stroke="#f00" stroke-width="2" stroke-opacity="1" stroke-dasharray="8 8"></line></g><g id="mockID" class="chrt-range chrt-horizontal-range" transform="translate(40,0)"><path d="M0,93.33333333333333L0,66.66666666666667L540,66.66666666666667L540,93.33333333333333z" fill="#ddd" fill-opacity="0.5"></path><line x1="0" x2="540" y1="93.33333333333333" y2="93.33333333333333" stroke="#0f0" stroke-width="5" stroke-opacity="1" stroke-dasharray="5 5"></line><line x1="0" x2="540" y1="66.66666666666667" y2="66.66666666666667" stroke="#0f0" stroke-width="5" stroke-opacity="1" stroke-dasharray="5 5"></line></g><g id="mockID" class="chrt-axis chrt-x-axis" aria-label="x axis" transform="translate(0,160)"><line data-id="tick-x-axis-line" stroke="#000" stroke-width="1" x1="40" x2="580" y1="0" y2="0"></line><g data-id="tick-x--5" transform="translate(40, 0)" style="display: block;"><line stroke="#000" stroke-width="1" x1="0" x2="0" y1="0" y2="5"></line></g><g data-id="tick-x--4" transform="translate(100, 0)" style="display: block;"><line stroke="#000" stroke-width="1" x1="0" x2="0" y1="0" y2="5"></line></g><g data-id="tick-x--3" transform="translate(160, 0)" style="display: block;"><line stroke="#000" stroke-width="1" x1="0" x2="0" y1="0" y2="5"></line></g><g data-id="tick-x--2" transform="translate(220, 0)" style="display: block;"><line stroke="#000" stroke-width="1" x1="0" x2="0" y1="0" y2="5"></line></g><g data-id="tick-x--1" transform="translate(280, 0)" style="display: block;"><line stroke="#000" stroke-width="1" x1="0" x2="0" y1="0" y2="5"></line></g><g data-id="tick-x-0" transform="translate(340, 0)" style="display: block;"><line stroke="#000" stroke-width="1" x1="0" x2="0" y1="0" y2="5"></line></g><g data-id="tick-x-1" transform="translate(400, 0)" style="display: block;"><line stroke="#000" stroke-width="1" x1="0" x2="0" y1="0" y2="5"></line></g><g data-id="tick-x-2" transform="translate(460, 0)" style="display: block;"><line stroke="#000" stroke-width="1" x1="0" x2="0" y1="0" y2="5"></line></g><g data-id="tick-x-3" transform="translate(520, 0)" style="display: block;"><line stroke="#000" stroke-width="1" x1="0" x2="0" y1="0" y2="5"></line></g><g data-id="tick-x-4" transform="translate(580, 0)" style="display: block;"><line stroke="#000" stroke-width="1" x1="0" x2="0" y1="0" y2="5"></line></g><g data-id="label-x--5" transform="translate(40, 0)" style="display: block;"><text fill="#000" text-anchor="middle" y="5" data-orientation="1" dy="1em">-5</text></g><g data-id="label-x--4" transform="translate(100, 0)" style="display: block;"><text fill="#000" text-anchor="middle" y="5" data-orientation="1" dy="1em">-4</text></g><g data-id="label-x--3" transform="translate(160, 0)" style="display: block;"><text fill="#000" text-anchor="middle" y="5" data-orientation="1" dy="1em">-3</text></g><g data-id="label-x--2" transform="translate(220, 0)" style="display: block;"><text fill="#000" text-anchor="middle" y="5" data-orientation="1" dy="1em">-2</text></g><g data-id="label-x--1" transform="translate(280, 0)" style="display: block;"><text fill="#000" text-anchor="middle" y="5" data-orientation="1" dy="1em">-1</text></g><g data-id="label-x-0" transform="translate(340, 0)" style="display: block;"><text fill="#000" text-anchor="middle" y="5" data-orientation="1" dy="1em">0</text></g><g data-id="label-x-1" transform="translate(400, 0)" style="display: block;"><text fill="#000" text-anchor="middle" y="5" data-orientation="1" dy="1em">1</text></g><g data-id="label-x-2" transform="translate(460, 0)" style="display: block;"><text fill="#000" text-anchor="middle" y="5" data-orientation="1" dy="1em">2</text></g><g data-id="label-x-3" transform="translate(520, 0)" style="display: block;"><text fill="#000" text-anchor="middle" y="5" data-orientation="1" dy="1em">3</text></g><g data-id="label-x-4" transform="translate(580, 0)" style="display: block;"><text fill="#000" text-anchor="middle" y="5" data-orientation="1" dy="1em">4</text></g></g><g id="mockID" class="chrt-axis chrt-y-axis" aria-label="y axis" transform="translate(40,0)"><line data-id="tick-y-axis-line" stroke="#000" stroke-width="1" x1="0" x2="0" y1="40" y2="160"></line><g data-id="tick-y--5" transform="translate(0, 160)" style="display: block;"><line stroke="#000" stroke-width="1" x1="0" x2="-5"></line></g><g data-id="tick-y--4" transform="translate(0, 146.66666666666666)" style="display: block;"><line stroke="#000" stroke-width="1" x1="0" x2="-5"></line></g><g data-id="tick-y--3" transform="translate(0, 133.33333333333334)" style="display: block;"><line stroke="#000" stroke-width="1" x1="0" x2="-5"></line></g><g data-id="tick-y--2" transform="translate(0, 120)" style="display: block;"><line stroke="#000" stroke-width="1" x1="0" x2="-5"></line></g><g data-id="tick-y--1" transform="translate(0, 106.66666666666667)" style="display: block;"><line stroke="#000" stroke-width="1" x1="0" x2="-5"></line></g><g data-id="tick-y-0" transform="translate(0, 93.33333333333333)" style="display: block;"><line stroke="#000" stroke-width="1" x1="0" x2="-5"></line></g><g data-id="tick-y-1" transform="translate(0, 80)" style="display: block;"><line stroke="#000" stroke-width="1" x1="0" x2="-5"></line></g><g data-id="tick-y-2" transform="translate(0, 66.66666666666667)" style="display: block;"><line stroke="#000" stroke-width="1" x1="0" x2="-5"></line></g><g data-id="tick-y-3" transform="translate(0, 53.33333333333334)" style="display: block;"><line stroke="#000" stroke-width="1" x1="0" x2="-5"></line></g><g data-id="tick-y-4" transform="translate(0, 40)" style="display: block;"><line stroke="#000" stroke-width="1" x1="0" x2="-5"></line></g><g data-id="label-y--5" transform="translate(0, 160)" style="display: block;"><text fill="#000" text-anchor="end" x="-5" dx="-5px" dy="0.25em">-5</text></g><g data-id="label-y--4" transform="translate(0, 146.66666666666666)" style="display: block;"><text fill="#000" text-anchor="end" x="-5" dx="-5px" dy="0.25em">-4</text></g><g data-id="label-y--3" transform="translate(0, 133.33333333333334)" style="display: block;"><text fill="#000" text-anchor="end" x="-5" dx="-5px" dy="0.25em">-3</text></g><g data-id="label-y--2" transform="translate(0, 120)" style="display: block;"><text fill="#000" text-anchor="end" x="-5" dx="-5px" dy="0.25em">-2</text></g><g data-id="label-y--1" transform="translate(0, 106.66666666666667)" style="display: block;"><text fill="#000" text-anchor="end" x="-5" dx="-5px" dy="0.25em">-1</text></g><g data-id="label-y-0" transform="translate(0, 93.33333333333333)" style="display: block;"><text fill="#000" text-anchor="end" x="-5" dx="-5px" dy="0.25em">0</text></g><g data-id="label-y-1" transform="translate(0, 80)" style="display: block;"><text fill="#000" text-anchor="end" x="-5" dx="-5px" dy="0.25em">1</text></g><g data-id="label-y-2" transform="translate(0, 66.66666666666667)" style="display: block;"><text fill="#000" text-anchor="end" x="-5" dx="-5px" dy="0.25em">2</text></g><g data-id="label-y-3" transform="translate(0, 53.33333333333334)" style="display: block;"><text fill="#000" text-anchor="end" x="-5" dx="-5px" dy="0.25em">3</text></g><g data-id="label-y-4" transform="translate(0, 40)" style="display: block;"><text fill="#000" text-anchor="end" x="-5" dx="-5px" dy="0.25em">4</text></g></g><g id="mockID" class="chrt-points"><circle data-id="point--0" cx="0" cy="0" r="3" fill="#000" fill-opacity="1" stroke="#000" stroke-width="0" stroke-opacity="1" transform-origin="0 0" transform="translate(40, 160) rotate(0)"></circle><circle data-id="point--1" cx="0" cy="0" r="3" fill="#000" fill-opacity="1" stroke="#000" stroke-width="0" stroke-opacity="1" transform-origin="0 0" transform="translate(100, 146.66666666666666) rotate(0)"></circle><circle data-id="point--2" cx="0" cy="0" r="3" fill="#000" fill-opacity="1" stroke="#000" stroke-width="0" stroke-opacity="1" transform-origin="0 0" transform="translate(160, 133.33333333333334) rotate(0)"></circle><circle data-id="point--3" cx="0" cy="0" r="3" fill="#000" fill-opacity="1" stroke="#000" stroke-width="0" stroke-opacity="1" transform-origin="0 0" transform="translate(220, 120) rotate(0)"></circle><circle data-id="point--4" cx="0" cy="0" r="3" fill="#000" fill-opacity="1" stroke="#000" stroke-width="0" stroke-opacity="1" transform-origin="0 0" transform="translate(280, 106.66666666666667) rotate(0)"></circle><circle data-id="point--5" cx="0" cy="0" r="3" fill="#000" fill-opacity="1" stroke="#000" stroke-width="0" stroke-opacity="1" transform-origin="0 0" transform="translate(340, 93.33333333333333) rotate(0)"></circle><circle data-id="point--6" cx="0" cy="0" r="3" fill="#000" fill-opacity="1" stroke="#000" stroke-width="0" stroke-opacity="1" transform-origin="0 0" transform="translate(400, 80) rotate(0)"></circle><circle data-id="point--7" cx="0" cy="0" r="3" fill="#000" fill-opacity="1" stroke="#000" stroke-width="0" stroke-opacity="1" transform-origin="0 0" transform="translate(460, 66.66666666666667) rotate(0)"></circle><circle data-id="point--8" cx="0" cy="0" r="3" fill="#000" fill-opacity="1" stroke="#000" stroke-width="0" stroke-opacity="1" transform-origin="0 0" transform="translate(520, 53.33333333333334) rotate(0)"></circle><circle data-id="point--9" cx="0" cy="0" r="3" fill="#000" fill-opacity="1" stroke="#000" stroke-width="0" stroke-opacity="1" transform-origin="0 0" transform="translate(580, 40) rotate(0)"></circle></g></g></svg></div>"`;

exports[`Test defaultRanges SVG 1`] = `"<div style="width: 600px; height: 200px;"><svg preserveAspectRatio="none" viewBox="0 0 600 200"><g><g id="mockID" class="chrt-range chrt-vertical-range"><path></path></g><g id="mockID" class="chrt-range chrt-horizontal-range"><path></path></g><g id="mockID" class="chrt-range chrt-vertical-range" transform="translate(0, 159)"><path d="M100,0L160,0L160,-120L100,-120z" fill="#ddd" fill-opacity="1"></path><line x1="100" x2="100" y1="0" y2="-120" stroke="#000" stroke-width="1" stroke-opacity="1"></line><line x1="160" x2="160" y1="0" y2="-120" stroke="#000" stroke-width="1" stroke-opacity="1"></line></g><g id="mockID" class="chrt-range chrt-horizontal-range" transform="translate(40,0)"><path d="M0,133.33333333333334L0,106.66666666666667L540,106.66666666666667L540,133.33333333333334z" fill="#ddd" fill-opacity="1"></path><line x1="0" x2="540" y1="133.33333333333334" y2="133.33333333333334" stroke="#000" stroke-width="1" stroke-opacity="1"></line><line x1="0" x2="540" y1="106.66666666666667" y2="106.66666666666667" stroke="#000" stroke-width="1" stroke-opacity="1"></line></g><g id="mockID" class="chrt-axis chrt-x-axis" aria-label="x axis" transform="translate(0,160)"><line data-id="tick-x-axis-line" stroke="#000" stroke-width="1" x1="40" x2="580" y1="0" y2="0"></line><g data-id="tick-x--5" transform="translate(40, 0)" style="display: block;"><line stroke="#000" stroke-width="1" x1="0" x2="0" y1="0" y2="5"></line></g><g data-id="tick-x--4" transform="translate(100, 0)" style="display: block;"><line stroke="#000" stroke-width="1" x1="0" x2="0" y1="0" y2="5"></line></g><g data-id="tick-x--3" transform="translate(160, 0)" style="display: block;"><line stroke="#000" stroke-width="1" x1="0" x2="0" y1="0" y2="5"></line></g><g data-id="tick-x--2" transform="translate(220, 0)" style="display: block;"><line stroke="#000" stroke-width="1" x1="0" x2="0" y1="0" y2="5"></line></g><g data-id="tick-x--1" transform="translate(280, 0)" style="display: block;"><line stroke="#000" stroke-width="1" x1="0" x2="0" y1="0" y2="5"></line></g><g data-id="tick-x-0" transform="translate(340, 0)" style="display: block;"><line stroke="#000" stroke-width="1" x1="0" x2="0" y1="0" y2="5"></line></g><g data-id="tick-x-1" transform="translate(400, 0)" style="display: block;"><line stroke="#000" stroke-width="1" x1="0" x2="0" y1="0" y2="5"></line></g><g data-id="tick-x-2" transform="translate(460, 0)" style="display: block;"><line stroke="#000" stroke-width="1" x1="0" x2="0" y1="0" y2="5"></line></g><g data-id="tick-x-3" transform="translate(520, 0)" style="display: block;"><line stroke="#000" stroke-width="1" x1="0" x2="0" y1="0" y2="5"></line></g><g data-id="tick-x-4" transform="translate(580, 0)" style="display: block;"><line stroke="#000" stroke-width="1" x1="0" x2="0" y1="0" y2="5"></line></g><g data-id="label-x--5" transform="translate(40, 0)" style="display: block;"><text fill="#000" text-anchor="middle" y="5" data-orientation="1" dy="1em">-5</text></g><g data-id="label-x--4" transform="translate(100, 0)" style="display: block;"><text fill="#000" text-anchor="middle" y="5" data-orientation="1" dy="1em">-4</text></g><g data-id="label-x--3" transform="translate(160, 0)" style="display: block;"><text fill="#000" text-anchor="middle" y="5" data-orientation="1" dy="1em">-3</text></g><g data-id="label-x--2" transform="translate(220, 0)" style="display: block;"><text fill="#000" text-anchor="middle" y="5" data-orientation="1" dy="1em">-2</text></g><g data-id="label-x--1" transform="translate(280, 0)" style="display: block;"><text fill="#000" text-anchor="middle" y="5" data-orientation="1" dy="1em">-1</text></g><g data-id="label-x-0" transform="translate(340, 0)" style="display: block;"><text fill="#000" text-anchor="middle" y="5" data-orientation="1" dy="1em">0</text></g><g data-id="label-x-1" transform="translate(400, 0)" style="display: block;"><text fill="#000" text-anchor="middle" y="5" data-orientation="1" dy="1em">1</text></g><g data-id="label-x-2" transform="translate(460, 0)" style="display: block;"><text fill="#000" text-anchor="middle" y="5" data-orientation="1" dy="1em">2</text></g><g data-id="label-x-3" transform="translate(520, 0)" style="display: block;"><text fill="#000" text-anchor="middle" y="5" data-orientation="1" dy="1em">3</text></g><g data-id="label-x-4" transform="translate(580, 0)" style="display: block;"><text fill="#000" text-anchor="middle" y="5" data-orientation="1" dy="1em">4</text></g></g><g id="mockID" class="chrt-axis chrt-y-axis" aria-label="y axis" transform="translate(40,0)"><line data-id="tick-y-axis-line" stroke="#000" stroke-width="1" x1="0" x2="0" y1="40" y2="160"></line><g data-id="tick-y--5" transform="translate(0, 160)" style="display: block;"><line stroke="#000" stroke-width="1" x1="0" x2="-5"></line></g><g data-id="tick-y--4" transform="translate(0, 146.66666666666666)" style="display: block;"><line stroke="#000" stroke-width="1" x1="0" x2="-5"></line></g><g data-id="tick-y--3" transform="translate(0, 133.33333333333334)" style="display: block;"><line stroke="#000" stroke-width="1" x1="0" x2="-5"></line></g><g data-id="tick-y--2" transform="translate(0, 120)" style="display: block;"><line stroke="#000" stroke-width="1" x1="0" x2="-5"></line></g><g data-id="tick-y--1" transform="translate(0, 106.66666666666667)" style="display: block;"><line stroke="#000" stroke-width="1" x1="0" x2="-5"></line></g><g data-id="tick-y-0" transform="translate(0, 93.33333333333333)" style="display: block;"><line stroke="#000" stroke-width="1" x1="0" x2="-5"></line></g><g data-id="tick-y-1" transform="translate(0, 80)" style="display: block;"><line stroke="#000" stroke-width="1" x1="0" x2="-5"></line></g><g data-id="tick-y-2" transform="translate(0, 66.66666666666667)" style="display: block;"><line stroke="#000" stroke-width="1" x1="0" x2="-5"></line></g><g data-id="tick-y-3" transform="translate(0, 53.33333333333334)" style="display: block;"><line stroke="#000" stroke-width="1" x1="0" x2="-5"></line></g><g data-id="tick-y-4" transform="translate(0, 40)" style="display: block;"><line stroke="#000" stroke-width="1" x1="0" x2="-5"></line></g><g data-id="label-y--5" transform="translate(0, 160)" style="display: block;"><text fill="#000" text-anchor="end" x="-5" dx="-5px" dy="0.25em">-5</text></g><g data-id="label-y--4" transform="translate(0, 146.66666666666666)" style="display: block;"><text fill="#000" text-anchor="end" x="-5" dx="-5px" dy="0.25em">-4</text></g><g data-id="label-y--3" transform="translate(0, 133.33333333333334)" style="display: block;"><text fill="#000" text-anchor="end" x="-5" dx="-5px" dy="0.25em">-3</text></g><g data-id="label-y--2" transform="translate(0, 120)" style="display: block;"><text fill="#000" text-anchor="end" x="-5" dx="-5px" dy="0.25em">-2</text></g><g data-id="label-y--1" transform="translate(0, 106.66666666666667)" style="display: block;"><text fill="#000" text-anchor="end" x="-5" dx="-5px" dy="0.25em">-1</text></g><g data-id="label-y-0" transform="translate(0, 93.33333333333333)" style="display: block;"><text fill="#000" text-anchor="end" x="-5" dx="-5px" dy="0.25em">0</text></g><g data-id="label-y-1" transform="translate(0, 80)" style="display: block;"><text fill="#000" text-anchor="end" x="-5" dx="-5px" dy="0.25em">1</text></g><g data-id="label-y-2" transform="translate(0, 66.66666666666667)" style="display: block;"><text fill="#000" text-anchor="end" x="-5" dx="-5px" dy="0.25em">2</text></g><g data-id="label-y-3" transform="translate(0, 53.33333333333334)" style="display: block;"><text fill="#000" text-anchor="end" x="-5" dx="-5px" dy="0.25em">3</text></g><g data-id="label-y-4" transform="translate(0, 40)" style="display: block;"><text fill="#000" text-anchor="end" x="-5" dx="-5px" dy="0.25em">4</text></g></g><g id="mockID" class="chrt-points"><circle data-id="point--0" cx="0" cy="0" r="3" fill="#000" fill-opacity="1" stroke="#000" stroke-width="0" stroke-opacity="1" transform-origin="0 0" transform="translate(40, 160) rotate(0)"></circle><circle data-id="point--1" cx="0" cy="0" r="3" fill="#000" fill-opacity="1" stroke="#000" stroke-width="0" stroke-opacity="1" transform-origin="0 0" transform="translate(100, 146.66666666666666) rotate(0)"></circle><circle data-id="point--2" cx="0" cy="0" r="3" fill="#000" fill-opacity="1" stroke="#000" stroke-width="0" stroke-opacity="1" transform-origin="0 0" transform="translate(160, 133.33333333333334) rotate(0)"></circle><circle data-id="point--3" cx="0" cy="0" r="3" fill="#000" fill-opacity="1" stroke="#000" stroke-width="0" stroke-opacity="1" transform-origin="0 0" transform="translate(220, 120) rotate(0)"></circle><circle data-id="point--4" cx="0" cy="0" r="3" fill="#000" fill-opacity="1" stroke="#000" stroke-width="0" stroke-opacity="1" transform-origin="0 0" transform="translate(280, 106.66666666666667) rotate(0)"></circle><circle data-id="point--5" cx="0" cy="0" r="3" fill="#000" fill-opacity="1" stroke="#000" stroke-width="0" stroke-opacity="1" transform-origin="0 0" transform="translate(340, 93.33333333333333) rotate(0)"></circle><circle data-id="point--6" cx="0" cy="0" r="3" fill="#000" fill-opacity="1" stroke="#000" stroke-width="0" stroke-opacity="1" transform-origin="0 0" transform="translate(400, 80) rotate(0)"></circle><circle data-id="point--7" cx="0" cy="0" r="3" fill="#000" fill-opacity="1" stroke="#000" stroke-width="0" stroke-opacity="1" transform-origin="0 0" transform="translate(460, 66.66666666666667) rotate(0)"></circle><circle data-id="point--8" cx="0" cy="0" r="3" fill="#000" fill-opacity="1" stroke="#000" stroke-width="0" stroke-opacity="1" transform-origin="0 0" transform="translate(520, 53.33333333333334) rotate(0)"></circle><circle data-id="point--9" cx="0" cy="0" r="3" fill="#000" fill-opacity="1" stroke="#000" stroke-width="0" stroke-opacity="1" transform-origin="0 0" transform="translate(580, 40) rotate(0)"></circle></g></g></svg></div>"`;

exports[`Test lineRanges SVG 1`] = `"<div style="width: 600px; height: 200px;"><svg preserveAspectRatio="none" viewBox="0 0 600 200"><g><g id="mockID" class="chrt-range chrt-vertical-range" transform="translate(0, 159)"><line x1="220" x2="220" y1="0" y2="-120" stroke="#f00" stroke-width="2" stroke-opacity="1" stroke-dasharray="2 2"></line></g><g id="mockID" class="chrt-range chrt-horizontal-range" transform="translate(40,0)"><line x1="0" x2="540" y1="66.66666666666667" y2="66.66666666666667" stroke="#0f0" stroke-width="5" stroke-opacity="1" stroke-dasharray="20 20"></line></g><g id="mockID" class="chrt-axis chrt-x-axis" aria-label="x axis" transform="translate(0,160)"><line data-id="tick-x-axis-line" stroke="#000" stroke-width="1" x1="40" x2="580" y1="0" y2="0"></line><g data-id="tick-x--5" transform="translate(40, 0)" style="display: block;"><line stroke="#000" stroke-width="1" x1="0" x2="0" y1="0" y2="5"></line></g><g data-id="tick-x--4" transform="translate(100, 0)" style="display: block;"><line stroke="#000" stroke-width="1" x1="0" x2="0" y1="0" y2="5"></line></g><g data-id="tick-x--3" transform="translate(160, 0)" style="display: block;"><line stroke="#000" stroke-width="1" x1="0" x2="0" y1="0" y2="5"></line></g><g data-id="tick-x--2" transform="translate(220, 0)" style="display: block;"><line stroke="#000" stroke-width="1" x1="0" x2="0" y1="0" y2="5"></line></g><g data-id="tick-x--1" transform="translate(280, 0)" style="display: block;"><line stroke="#000" stroke-width="1" x1="0" x2="0" y1="0" y2="5"></line></g><g data-id="tick-x-0" transform="translate(340, 0)" style="display: block;"><line stroke="#000" stroke-width="1" x1="0" x2="0" y1="0" y2="5"></line></g><g data-id="tick-x-1" transform="translate(400, 0)" style="display: block;"><line stroke="#000" stroke-width="1" x1="0" x2="0" y1="0" y2="5"></line></g><g data-id="tick-x-2" transform="translate(460, 0)" style="display: block;"><line stroke="#000" stroke-width="1" x1="0" x2="0" y1="0" y2="5"></line></g><g data-id="tick-x-3" transform="translate(520, 0)" style="display: block;"><line stroke="#000" stroke-width="1" x1="0" x2="0" y1="0" y2="5"></line></g><g data-id="tick-x-4" transform="translate(580, 0)" style="display: block;"><line stroke="#000" stroke-width="1" x1="0" x2="0" y1="0" y2="5"></line></g><g data-id="label-x--5" transform="translate(40, 0)" style="display: block;"><text fill="#000" text-anchor="middle" y="5" data-orientation="1" dy="1em">-5</text></g><g data-id="label-x--4" transform="translate(100, 0)" style="display: block;"><text fill="#000" text-anchor="middle" y="5" data-orientation="1" dy="1em">-4</text></g><g data-id="label-x--3" transform="translate(160, 0)" style="display: block;"><text fill="#000" text-anchor="middle" y="5" data-orientation="1" dy="1em">-3</text></g><g data-id="label-x--2" transform="translate(220, 0)" style="display: block;"><text fill="#000" text-anchor="middle" y="5" data-orientation="1" dy="1em">-2</text></g><g data-id="label-x--1" transform="translate(280, 0)" style="display: block;"><text fill="#000" text-anchor="middle" y="5" data-orientation="1" dy="1em">-1</text></g><g data-id="label-x-0" transform="translate(340, 0)" style="display: block;"><text fill="#000" text-anchor="middle" y="5" data-orientation="1" dy="1em">0</text></g><g data-id="label-x-1" transform="translate(400, 0)" style="display: block;"><text fill="#000" text-anchor="middle" y="5" data-orientation="1" dy="1em">1</text></g><g data-id="label-x-2" transform="translate(460, 0)" style="display: block;"><text fill="#000" text-anchor="middle" y="5" data-orientation="1" dy="1em">2</text></g><g data-id="label-x-3" transform="translate(520, 0)" style="display: block;"><text fill="#000" text-anchor="middle" y="5" data-orientation="1" dy="1em">3</text></g><g data-id="label-x-4" transform="translate(580, 0)" style="display: block;"><text fill="#000" text-anchor="middle" y="5" data-orientation="1" dy="1em">4</text></g></g><g id="mockID" class="chrt-axis chrt-y-axis" aria-label="y axis" transform="translate(40,0)"><line data-id="tick-y-axis-line" stroke="#000" stroke-width="1" x1="0" x2="0" y1="40" y2="160"></line><g data-id="tick-y--5" transform="translate(0, 160)" style="display: block;"><line stroke="#000" stroke-width="1" x1="0" x2="-5"></line></g><g data-id="tick-y--4" transform="translate(0, 146.66666666666666)" style="display: block;"><line stroke="#000" stroke-width="1" x1="0" x2="-5"></line></g><g data-id="tick-y--3" transform="translate(0, 133.33333333333334)" style="display: block;"><line stroke="#000" stroke-width="1" x1="0" x2="-5"></line></g><g data-id="tick-y--2" transform="translate(0, 120)" style="display: block;"><line stroke="#000" stroke-width="1" x1="0" x2="-5"></line></g><g data-id="tick-y--1" transform="translate(0, 106.66666666666667)" style="display: block;"><line stroke="#000" stroke-width="1" x1="0" x2="-5"></line></g><g data-id="tick-y-0" transform="translate(0, 93.33333333333333)" style="display: block;"><line stroke="#000" stroke-width="1" x1="0" x2="-5"></line></g><g data-id="tick-y-1" transform="translate(0, 80)" style="display: block;"><line stroke="#000" stroke-width="1" x1="0" x2="-5"></line></g><g data-id="tick-y-2" transform="translate(0, 66.66666666666667)" style="display: block;"><line stroke="#000" stroke-width="1" x1="0" x2="-5"></line></g><g data-id="tick-y-3" transform="translate(0, 53.33333333333334)" style="display: block;"><line stroke="#000" stroke-width="1" x1="0" x2="-5"></line></g><g data-id="tick-y-4" transform="translate(0, 40)" style="display: block;"><line stroke="#000" stroke-width="1" x1="0" x2="-5"></line></g><g data-id="label-y--5" transform="translate(0, 160)" style="display: block;"><text fill="#000" text-anchor="end" x="-5" dx="-5px" dy="0.25em">-5</text></g><g data-id="label-y--4" transform="translate(0, 146.66666666666666)" style="display: block;"><text fill="#000" text-anchor="end" x="-5" dx="-5px" dy="0.25em">-4</text></g><g data-id="label-y--3" transform="translate(0, 133.33333333333334)" style="display: block;"><text fill="#000" text-anchor="end" x="-5" dx="-5px" dy="0.25em">-3</text></g><g data-id="label-y--2" transform="translate(0, 120)" style="display: block;"><text fill="#000" text-anchor="end" x="-5" dx="-5px" dy="0.25em">-2</text></g><g data-id="label-y--1" transform="translate(0, 106.66666666666667)" style="display: block;"><text fill="#000" text-anchor="end" x="-5" dx="-5px" dy="0.25em">-1</text></g><g data-id="label-y-0" transform="translate(0, 93.33333333333333)" style="display: block;"><text fill="#000" text-anchor="end" x="-5" dx="-5px" dy="0.25em">0</text></g><g data-id="label-y-1" transform="translate(0, 80)" style="display: block;"><text fill="#000" text-anchor="end" x="-5" dx="-5px" dy="0.25em">1</text></g><g data-id="label-y-2" transform="translate(0, 66.66666666666667)" style="display: block;"><text fill="#000" text-anchor="end" x="-5" dx="-5px" dy="0.25em">2</text></g><g data-id="label-y-3" transform="translate(0, 53.33333333333334)" style="display: block;"><text fill="#000" text-anchor="end" x="-5" dx="-5px" dy="0.25em">3</text></g><g data-id="label-y-4" transform="translate(0, 40)" style="display: block;"><text fill="#000" text-anchor="end" x="-5" dx="-5px" dy="0.25em">4</text></g></g><g id="mockID" class="chrt-points"><circle data-id="point--0" cx="0" cy="0" r="3" fill="#000" fill-opacity="1" stroke="#000" stroke-width="0" stroke-opacity="1" transform-origin="0 0" transform="translate(40, 160) rotate(0)"></circle><circle data-id="point--1" cx="0" cy="0" r="3" fill="#000" fill-opacity="1" stroke="#000" stroke-width="0" stroke-opacity="1" transform-origin="0 0" transform="translate(100, 146.66666666666666) rotate(0)"></circle><circle data-id="point--2" cx="0" cy="0" r="3" fill="#000" fill-opacity="1" stroke="#000" stroke-width="0" stroke-opacity="1" transform-origin="0 0" transform="translate(160, 133.33333333333334) rotate(0)"></circle><circle data-id="point--3" cx="0" cy="0" r="3" fill="#000" fill-opacity="1" stroke="#000" stroke-width="0" stroke-opacity="1" transform-origin="0 0" transform="translate(220, 120) rotate(0)"></circle><circle data-id="point--4" cx="0" cy="0" r="3" fill="#000" fill-opacity="1" stroke="#000" stroke-width="0" stroke-opacity="1" transform-origin="0 0" transform="translate(280, 106.66666666666667) rotate(0)"></circle><circle data-id="point--5" cx="0" cy="0" r="3" fill="#000" fill-opacity="1" stroke="#000" stroke-width="0" stroke-opacity="1" transform-origin="0 0" transform="translate(340, 93.33333333333333) rotate(0)"></circle><circle data-id="point--6" cx="0" cy="0" r="3" fill="#000" fill-opacity="1" stroke="#000" stroke-width="0" stroke-opacity="1" transform-origin="0 0" transform="translate(400, 80) rotate(0)"></circle><circle data-id="point--7" cx="0" cy="0" r="3" fill="#000" fill-opacity="1" stroke="#000" stroke-width="0" stroke-opacity="1" transform-origin="0 0" transform="translate(460, 66.66666666666667) rotate(0)"></circle><circle data-id="point--8" cx="0" cy="0" r="3" fill="#000" fill-opacity="1" stroke="#000" stroke-width="0" stroke-opacity="1" transform-origin="0 0" transform="translate(520, 53.33333333333334) rotate(0)"></circle><circle data-id="point--9" cx="0" cy="0" r="3" fill="#000" fill-opacity="1" stroke="#000" stroke-width="0" stroke-opacity="1" transform-origin="0 0" transform="translate(580, 40) rotate(0)"></circle></g></g></svg></div>"`;
